error: #[derive(OpenapiType)] does not support enums with no variants
 --> tests/fail/enum_with_no_variants.rs:4:10
  |
4 | enum Foo {}
  |          ^^
