error: Unexpected token
 --> $DIR/unknown_attribute.rs:4:11
  |
4 | #[openapi(pizza)]
  |           ^^^^^
